// Jest Snapshot v1, https://goo.gl/fbAQLP

exports[`InformationCardComponent should match with snapshot 1`] = `
<div class="card"><img src="" class="avatar" alt="Avatar">
  <div class="container">
    <h4><b>Red Social</b></h4>
    <p>Para la comunidad de desaparecidos en el mundo. Sus familiares o amigos podrán vincularse todas las entidades involucradas en la problemática de desaparición. SE BUSCAN será el nodo mundial de información dedesaparecidos.</p>
  </div>
</div>
`;
